
> scamshield-my@0.1.0 test
> vitest run


[1m[7m[36m RUN [39m[27m[22m [36mv2.1.9 [39m[90mD:/Personal/Krackathon Q1 2026[39m

 [32m✓[39m test/playbook.test.ts [2m([22m[2m15 tests[22m[2m)[22m[90m 4[2mms[22m[39m
 [32m✓[39m test/rateLimit.test.ts [2m([22m[2m7 tests[22m[2m)[22m[90m 4[2mms[22m[39m
 [32m✓[39m test/loggerDeep.test.ts [2m([22m[2m6 tests[22m[2m)[22m[90m 5[2mms[22m[39m
 [32m✓[39m test/reportGenerator.test.ts [2m([22m[2m15 tests[22m[2m)[22m[90m 5[2mms[22m[39m
 [32m✓[39m test/warningCard.test.ts [2m([22m[2m14 tests[22m[2m)[22m[90m 5[2mms[22m[39m
 [32m✓[39m test/validation.test.ts [2m([22m[2m33 tests[22m[2m)[22m[90m 5[2mms[22m[39m
 [32m✓[39m test/logger.test.ts [2m([22m[2m7 tests[22m[2m)[22m[90m 4[2mms[22m[39m
 [32m✓[39m test/verdictRules.test.ts [2m([22m[2m4 tests[22m[2m)[22m[90m 2[2mms[22m[39m
 [32m✓[39m test/heatmap.test.ts [2m([22m[2m6 tests[22m[2m)[22m[90m 4[2mms[22m[39m
 [32m✓[39m test/scoring.test.ts [2m([22m[2m26 tests[22m[2m)[22m[90m 8[2mms[22m[39m
 [32m✓[39m test/providers.test.ts [2m([22m[2m8 tests[22m[2m)[22m[90m 7[2mms[22m[39m
[90mstdout[2m | test/verdictService.test.ts[2m > [22m[2mevaluateVerdict[2m > [22m[2mreturns UNKNOWN fallback when all providers fail
[22m[39m{"timestamp":"2026-02-14T06:27:30.689Z","level":"warn","event":"d1_cache_read_failed","key":"contract:evm:0x1234...5678"}
{"timestamp":"2026-02-14T06:27:30.689Z","level":"warn","event":"d1_cache_write_failed","key":"contract:evm:0x1234...5678"}

[90mstdout[2m | test/verdictService.test.ts[2m > [22m[2mevaluateVerdict[2m > [22m[2msurvives KV read failure gracefully
[22m[39m{"timestamp":"2026-02-14T06:27:30.690Z","level":"warn","event":"kv_cache_read_failed","key":"contract:evm:0x1234...5678"}
{"timestamp":"2026-02-14T06:27:30.690Z","level":"warn","event":"kv_cache_write_failed","key":"contract:evm:0x1234...5678"}

 [32m✓[39m test/verdictService.test.ts [2m([22m[2m6 tests[22m[2m)[22m[90m 8[2mms[22m[39m
[90mstdout[2m | test/verdictService.test.ts[2m > [22m[2mevaluateVerdict[2m > [22m[2mreturns provider errors when some providers fail
[22m[39m{"timestamp":"2026-02-14T06:27:30.690Z","level":"warn","event":"d1_cache_read_failed","key":"contract:evm:0x1234...5678"}
{"timestamp":"2026-02-14T06:27:30.690Z","level":"warn","event":"d1_cache_write_failed","key":"contract:evm:0x1234...5678"}

[90mstdout[2m | test/queue.test.ts[2m > [22m[2mqueue consumer[2m > [22m[2macks a successful enrich_verdict message
[22m[39m{"timestamp":"2026-02-14T06:27:30.687Z","level":"info","event":"queue_processed","type":"enrich_verdict"}

[90mstdout[2m | test/queue.test.ts[2m > [22m[2mqueue consumer[2m > [22m[2macks a successful render_card message
[22m[39m{"timestamp":"2026-02-14T06:27:30.690Z","level":"info","event":"queue_processed","type":"render_card"}

[90mstdout[2m | test/queue.test.ts[2m > [22m[2mqueue consumer[2m > [22m[2macks a rollup_heatmap message
[22m[39m{"timestamp":"2026-02-14T06:27:30.690Z","level":"warn","event":"queue_retry","type":"rollup_heatmap","attempt":"1"}

[90mstdout[2m | test/queue.test.ts[2m > [22m[2mqueue consumer[2m > [22m[2mretries a message on failure when under MAX_QUEUE_RETRIES
[22m[39m{"timestamp":"2026-02-14T06:27:30.695Z","level":"warn","event":"d1_cache_read_failed","key":"contract:evm:0x1234...5678"}
{"timestamp":"2026-02-14T06:27:30.696Z","level":"warn","event":"d1_cache_write_failed","key":"contract:evm:0x1234...5678"}
{"timestamp":"2026-02-14T06:27:30.697Z","level":"info","event":"queue_processed","type":"enrich_verdict"}

[90mstdout[2m | test/queue.test.ts[2m > [22m[2mqueue consumer[2m > [22m[2mdead-letters a message when attempts >= MAX_QUEUE_RETRIES
[22m[39m{"timestamp":"2026-02-14T06:27:30.698Z","level":"warn","event":"d1_cache_read_failed","key":"contract:evm:0x1234...5678"}
{"timestamp":"2026-02-14T06:27:30.698Z","level":"warn","event":"d1_cache_write_failed","key":"contract:evm:0x1234...5678"}
{"timestamp":"2026-02-14T06:27:30.698Z","level":"info","event":"queue_processed","type":"enrich_verdict"}

[90mstdout[2m | test/queue.test.ts[2m > [22m[2mqueue consumer[2m > [22m[2msilently drops render_card with missing slug
[22m[39m{"timestamp":"2026-02-14T06:27:30.699Z","level":"info","event":"queue_processed","type":"render_card"}

 [31m❯[39m test/queue.test.ts [2m([22m[2m7 tests[22m[2m | [22m[31m3 failed[39m[2m)[22m[90m 16[2mms[22m[39m
[31m   [31m×[31m queue consumer[2m > [22macks a rollup_heatmap message[90m 5[2mms[22m[31m[39m
[31m     → expected "spy" to be called once, but got 0 times[39m
[31m   [31m×[31m queue consumer[2m > [22mretries a message on failure when under MAX_QUEUE_RETRIES[90m 2[2mms[22m[31m[39m
[31m     → expected "spy" to be called once, but got 0 times[39m
[31m   [31m×[31m queue consumer[2m > [22mdead-letters a message when attempts >= MAX_QUEUE_RETRIES[90m 1[2mms[22m[31m[39m
[31m     → expected "spy" to be called once, but got 0 times[39m
[90mstdout[2m | test/queue.test.ts[2m > [22m[2mqueue consumer[2m > [22m[2msilently drops enrich_verdict with invalid type
[22m[39m{"timestamp":"2026-02-14T06:27:30.700Z","level":"info","event":"queue_processed","type":"enrich_verdict"}


node.exe : [31m⎯⎯⎯⎯⎯⎯⎯[1m[7m Failed Tests 3 [27m[22m⎯⎯⎯⎯⎯⎯⎯[39m
At line:1 char:1
+ & "C:\Program Files\nodejs/node.exe" "C:\Program Files\nodejs/node_mo ...
+ ~~~~~~~~~~~~~~~~~~~~~~~~~~~~~~~~~~~~~~~~~~~~~~~~~~~~~~~~~~~~~~~~~~~~~
    + CategoryInfo          : NotSpecified: ([31m⎯⎯⎯⎯⎯⎯⎯[1...22m⎯⎯⎯⎯⎯⎯⎯[39m:String) [], RemoteException
    + FullyQualifiedErrorId : NativeCommandError
 

[31m[1m[7m FAIL [27m[22m[39m test/queue.test.ts[2m > [22mqueue consumer[2m > [22macks a rollup_heatmap message
[31m[1mAssertionError[22m: expected "spy" to be called once, but got 0 times[39m
[36m [2m❯[22m test/queue.test.ts:[2m128:25[22m[39m
    [90m126| [39m        [35mawait[39m worker[33m.[39m[34mqueue[39m(batch[33m,[39m [34mmakeEnv[39m())[33m;[39m
    [90m127| [39m
    [90m128| [39m        [34mexpect[39m(msg[33m.[39mack)[33m.[39m[34mtoHaveBeenCalledOnce[39m()[33m;[39m
    [90m   | [39m                        [31m^[39m
    [90m129| [39m    })[33m;[39m
    [90m130| [39m

[31m[2m⎯⎯⎯⎯⎯⎯⎯⎯⎯⎯⎯⎯⎯⎯⎯⎯⎯⎯⎯⎯⎯⎯⎯⎯[1/3]⎯[22m[39m

[31m[1m[7m FAIL [27m[22m[39m test/queue.test.ts[2m > [22mqueue consumer[2m > [22mretries a message on failure when under MAX_QUEUE_RETRIES
[31m[1mAssertionError[22m: expected "spy" to be called once, but got 0 times[39m
[36m [2m❯[22m test/queue.test.ts:[2m157:27[22m[39m
    [90m155| [39m
    [90m156| [39m        [90m// Should NOT ack, should retry instead since attempts=1 < 3[39m
    [90m157| [39m        [34mexpect[39m(msg[33m.[39mretry)[33m.[39m[34mtoHaveBeenCalledOnce[39m()[33m;[39m
    [90m   | [39m                          [31m^[39m
    [90m158| [39m        [34mexpect[39m(msg[33m.[39mack)[33m.[39mnot[33m.[39m[34mtoHaveBeenCalled[39m()[33m;[39m
    [90m159| [39m    })[33m;[39m

[31m[2m⎯⎯⎯⎯⎯⎯⎯⎯⎯⎯⎯⎯⎯⎯⎯⎯⎯⎯⎯⎯⎯⎯⎯⎯[2/3]⎯[22m[39m

[31m[1m[7m FAIL [27m[22m[39m test/queue.test.ts[2m > [22mqueue consumer[2m > [22mdead-letters a message when attempts >= MAX_QUEUE_RETRIES
[31m[1mAssertionError[22m: expected "spy" to be called once, but got 0 times[39m
[36m [2m❯[22m test/queue.test.ts:[2m196:29[22m[39m
    [90m194| [39m        [34mexpect[39m(msg[33m.[39mretry)[33m.[39mnot[33m.[39m[34mtoHaveBeenCalled[39m()[33m;[39m
    [90m195| [39m        [90m// Should have written audit event for dead-letter[39m
    [90m196| [39m        [34mexpect[39m(auditRunSpy)[33m.[39m[34mtoHaveBeenCalledOnce[39m()[33m;[39m
    [90m   | [39m                            [31m^[39m
    [90m197| [39m    })[33m;[39m
    [90m198| [39m

[31m[2m⎯⎯⎯⎯⎯⎯⎯⎯⎯⎯⎯⎯⎯⎯⎯⎯⎯⎯⎯⎯⎯⎯⎯⎯[3/3]⎯[22m[39m

[2m Test Files [22m [1m[31m1 failed[39m[22m[2m | [22m[1m[32m12 passed[39m[22m[90m (13)[39m
[2m      Tests [22m [1m[31m3 failed[39m[22m[2m | [22m[1m[32m151 passed[39m[22m[90m (154)[39m
[2m   Start at [22m 14:27:30
[2m   Duration [22m 561ms[2m (transform 984ms, setup 0ms, collect 1.56s, tests 76ms, environment 2ms, prepare 1.38s)[22m

